Archive member included because of file (symbol)

/usr/lib/gcc/avr/4.5.3/avr4/libgcc.a(_exit.o)
                              /usr/lib/gcc/avr/4.5.3/../../../avr/lib/avr4/crtm8.o (exit)
/usr/lib/gcc/avr/4.5.3/avr4/libgcc.a(_copy_data.o)
                              ./main.o (__do_copy_data)
/usr/lib/gcc/avr/4.5.3/avr4/libgcc.a(_clear_bss.o)
                              ./main.o (__do_clear_bss)
/usr/lib/gcc/avr/4.5.3/avr4/libgcc.a(_mul_sf.o)
                              ./main.o (__mulsf3)
/usr/lib/gcc/avr/4.5.3/avr4/libgcc.a(_si_to_sf.o)
                              ./main.o (__floatsisf)
/usr/lib/gcc/avr/4.5.3/avr4/libgcc.a(_thenan_sf.o)
                              /usr/lib/gcc/avr/4.5.3/avr4/libgcc.a(_mul_sf.o) (__thenan_sf)
/usr/lib/gcc/avr/4.5.3/avr4/libgcc.a(_prologue.o)
                              /usr/lib/gcc/avr/4.5.3/avr4/libgcc.a(_mul_sf.o) (__prologue_saves__)
/usr/lib/gcc/avr/4.5.3/avr4/libgcc.a(_epilogue.o)
                              /usr/lib/gcc/avr/4.5.3/avr4/libgcc.a(_mul_sf.o) (__epilogue_restores__)
/usr/lib/gcc/avr/4.5.3/avr4/libgcc.a(_clzsi2.o)
                              /usr/lib/gcc/avr/4.5.3/avr4/libgcc.a(_si_to_sf.o) (__clzsi2)
/usr/lib/gcc/avr/4.5.3/avr4/libgcc.a(_pack_sf.o)
                              /usr/lib/gcc/avr/4.5.3/avr4/libgcc.a(_mul_sf.o) (__pack_f)
/usr/lib/gcc/avr/4.5.3/avr4/libgcc.a(_unpack_sf.o)
                              /usr/lib/gcc/avr/4.5.3/avr4/libgcc.a(_mul_sf.o) (__unpack_f)
/usr/lib/gcc/avr/4.5.3/avr4/libgcc.a(_clz.o)
                              /usr/lib/gcc/avr/4.5.3/avr4/libgcc.a(_clzsi2.o) (__clz_tab)
/usr/lib/gcc/avr/4.5.3/../../../avr/lib/avr4/libc.a(dtostrf.o)
                              ./main.o (dtostrf)
/usr/lib/gcc/avr/4.5.3/../../../avr/lib/avr4/libc.a(dtoa_prf.o)
                              /usr/lib/gcc/avr/4.5.3/../../../avr/lib/avr4/libc.a(dtostrf.o) (dtoa_prf)
/usr/lib/gcc/avr/4.5.3/../../../avr/lib/avr4/libc.a(ftoa_engine.o)
                              /usr/lib/gcc/avr/4.5.3/../../../avr/lib/avr4/libc.a(dtoa_prf.o) (__ftoa_engine)

Allocating common symbols
Common symbol       size              file

cStringBuffer       0x8               ./main.o

Discarded input sections

 .data          0x0000000000000000        0x0 /usr/lib/gcc/avr/4.5.3/../../../avr/lib/avr4/crtm8.o
 .bss           0x0000000000000000        0x0 /usr/lib/gcc/avr/4.5.3/../../../avr/lib/avr4/crtm8.o
 .text          0x0000000000000000        0x0 ./HD44780.o
 .data          0x0000000000000000        0x0 ./HD44780.o
 .bss           0x0000000000000000        0x0 ./HD44780.o
 .text.LCD_Clear
                0x0000000000000000       0x12 ./HD44780.o
 .text.LCD_Home
                0x0000000000000000       0x12 ./HD44780.o
 .text          0x0000000000000000        0x0 ./main.o
 .bss           0x0000000000000000        0x0 ./main.o
 .text          0x0000000000000000        0x0 /usr/lib/gcc/avr/4.5.3/avr4/libgcc.a(_exit.o)
 .data          0x0000000000000000        0x0 /usr/lib/gcc/avr/4.5.3/avr4/libgcc.a(_exit.o)
 .bss           0x0000000000000000        0x0 /usr/lib/gcc/avr/4.5.3/avr4/libgcc.a(_exit.o)
 .text.libgcc   0x0000000000000000        0x0 /usr/lib/gcc/avr/4.5.3/avr4/libgcc.a(_exit.o)
 .text          0x0000000000000000        0x0 /usr/lib/gcc/avr/4.5.3/avr4/libgcc.a(_copy_data.o)
 .data          0x0000000000000000        0x0 /usr/lib/gcc/avr/4.5.3/avr4/libgcc.a(_copy_data.o)
 .bss           0x0000000000000000        0x0 /usr/lib/gcc/avr/4.5.3/avr4/libgcc.a(_copy_data.o)
 .text.libgcc   0x0000000000000000        0x0 /usr/lib/gcc/avr/4.5.3/avr4/libgcc.a(_copy_data.o)
 .text          0x0000000000000000        0x0 /usr/lib/gcc/avr/4.5.3/avr4/libgcc.a(_clear_bss.o)
 .data          0x0000000000000000        0x0 /usr/lib/gcc/avr/4.5.3/avr4/libgcc.a(_clear_bss.o)
 .bss           0x0000000000000000        0x0 /usr/lib/gcc/avr/4.5.3/avr4/libgcc.a(_clear_bss.o)
 .text.libgcc   0x0000000000000000        0x0 /usr/lib/gcc/avr/4.5.3/avr4/libgcc.a(_clear_bss.o)
 .data          0x0000000000000000        0x0 /usr/lib/gcc/avr/4.5.3/avr4/libgcc.a(_mul_sf.o)
 .bss           0x0000000000000000        0x0 /usr/lib/gcc/avr/4.5.3/avr4/libgcc.a(_mul_sf.o)
 .data          0x0000000000000000        0x0 /usr/lib/gcc/avr/4.5.3/avr4/libgcc.a(_si_to_sf.o)
 .bss           0x0000000000000000        0x0 /usr/lib/gcc/avr/4.5.3/avr4/libgcc.a(_si_to_sf.o)
 .text          0x0000000000000000        0x0 /usr/lib/gcc/avr/4.5.3/avr4/libgcc.a(_thenan_sf.o)
 .bss           0x0000000000000000        0x0 /usr/lib/gcc/avr/4.5.3/avr4/libgcc.a(_thenan_sf.o)
 .text          0x0000000000000000        0x0 /usr/lib/gcc/avr/4.5.3/avr4/libgcc.a(_prologue.o)
 .data          0x0000000000000000        0x0 /usr/lib/gcc/avr/4.5.3/avr4/libgcc.a(_prologue.o)
 .bss           0x0000000000000000        0x0 /usr/lib/gcc/avr/4.5.3/avr4/libgcc.a(_prologue.o)
 .text          0x0000000000000000        0x0 /usr/lib/gcc/avr/4.5.3/avr4/libgcc.a(_epilogue.o)
 .data          0x0000000000000000        0x0 /usr/lib/gcc/avr/4.5.3/avr4/libgcc.a(_epilogue.o)
 .bss           0x0000000000000000        0x0 /usr/lib/gcc/avr/4.5.3/avr4/libgcc.a(_epilogue.o)
 .data          0x0000000000000000        0x0 /usr/lib/gcc/avr/4.5.3/avr4/libgcc.a(_clzsi2.o)
 .bss           0x0000000000000000        0x0 /usr/lib/gcc/avr/4.5.3/avr4/libgcc.a(_clzsi2.o)
 .data          0x0000000000000000        0x0 /usr/lib/gcc/avr/4.5.3/avr4/libgcc.a(_pack_sf.o)
 .bss           0x0000000000000000        0x0 /usr/lib/gcc/avr/4.5.3/avr4/libgcc.a(_pack_sf.o)
 .data          0x0000000000000000        0x0 /usr/lib/gcc/avr/4.5.3/avr4/libgcc.a(_unpack_sf.o)
 .bss           0x0000000000000000        0x0 /usr/lib/gcc/avr/4.5.3/avr4/libgcc.a(_unpack_sf.o)
 .text          0x0000000000000000        0x0 /usr/lib/gcc/avr/4.5.3/avr4/libgcc.a(_clz.o)
 .bss           0x0000000000000000        0x0 /usr/lib/gcc/avr/4.5.3/avr4/libgcc.a(_clz.o)
 .text          0x0000000000000000        0x0 /usr/lib/gcc/avr/4.5.3/../../../avr/lib/avr4/libc.a(dtostrf.o)
 .data          0x0000000000000000        0x0 /usr/lib/gcc/avr/4.5.3/../../../avr/lib/avr4/libc.a(dtostrf.o)
 .bss           0x0000000000000000        0x0 /usr/lib/gcc/avr/4.5.3/../../../avr/lib/avr4/libc.a(dtostrf.o)
 .text          0x0000000000000000        0x0 /usr/lib/gcc/avr/4.5.3/../../../avr/lib/avr4/libc.a(dtoa_prf.o)
 .data          0x0000000000000000        0x0 /usr/lib/gcc/avr/4.5.3/../../../avr/lib/avr4/libc.a(dtoa_prf.o)
 .bss           0x0000000000000000        0x0 /usr/lib/gcc/avr/4.5.3/../../../avr/lib/avr4/libc.a(dtoa_prf.o)
 .text          0x0000000000000000        0x0 /usr/lib/gcc/avr/4.5.3/../../../avr/lib/avr4/libc.a(ftoa_engine.o)
 .data          0x0000000000000000        0x0 /usr/lib/gcc/avr/4.5.3/../../../avr/lib/avr4/libc.a(ftoa_engine.o)
 .bss           0x0000000000000000        0x0 /usr/lib/gcc/avr/4.5.3/../../../avr/lib/avr4/libc.a(ftoa_engine.o)

Memory Configuration

Name             Origin             Length             Attributes
text             0x0000000000000000 0x0000000000002000 xr
data             0x0000000000800060 0x000000000000ffa0 rw !x
eeprom           0x0000000000810000 0x0000000000010000 rw !x
fuse             0x0000000000820000 0x0000000000000400 rw !x
lock             0x0000000000830000 0x0000000000000400 rw !x
signature        0x0000000000840000 0x0000000000000400 rw !x
*default*        0x0000000000000000 0xffffffffffffffff

Linker script and memory map

LOAD /usr/lib/gcc/avr/4.5.3/../../../avr/lib/avr4/crtm8.o
LOAD ./HD44780.o
LOAD ./main.o
LOAD /usr/lib/gcc/avr/4.5.3/avr4/libgcc.a
LOAD /usr/lib/gcc/avr/4.5.3/../../../avr/lib/avr4/libm.a
LOAD /usr/lib/gcc/avr/4.5.3/avr4/libgcc.a
LOAD /usr/lib/gcc/avr/4.5.3/../../../avr/lib/avr4/libc.a
LOAD /usr/lib/gcc/avr/4.5.3/avr4/libgcc.a

.hash
 *(.hash)

.dynsym
 *(.dynsym)

.dynstr
 *(.dynstr)

.gnu.version
 *(.gnu.version)

.gnu.version_d
 *(.gnu.version_d)

.gnu.version_r
 *(.gnu.version_r)

.rel.init
 *(.rel.init)

.rela.init
 *(.rela.init)

.rel.text
 *(.rel.text)
 *(.rel.text.*)
 *(.rel.gnu.linkonce.t*)

.rela.text
 *(.rela.text)
 *(.rela.text.*)
 *(.rela.gnu.linkonce.t*)

.rel.fini
 *(.rel.fini)

.rela.fini
 *(.rela.fini)

.rel.rodata
 *(.rel.rodata)
 *(.rel.rodata.*)
 *(.rel.gnu.linkonce.r*)

.rela.rodata
 *(.rela.rodata)
 *(.rela.rodata.*)
 *(.rela.gnu.linkonce.r*)

.rel.data
 *(.rel.data)
 *(.rel.data.*)
 *(.rel.gnu.linkonce.d*)

.rela.data
 *(.rela.data)
 *(.rela.data.*)
 *(.rela.gnu.linkonce.d*)

.rel.ctors
 *(.rel.ctors)

.rela.ctors
 *(.rela.ctors)

.rel.dtors
 *(.rel.dtors)

.rela.dtors
 *(.rela.dtors)

.rel.got
 *(.rel.got)

.rela.got
 *(.rela.got)

.rel.bss
 *(.rel.bss)

.rela.bss
 *(.rela.bss)

.rel.plt
 *(.rel.plt)

.rela.plt
 *(.rela.plt)

.text           0x0000000000000000      0xe92
 *(.vectors)
 .vectors       0x0000000000000000       0x26 /usr/lib/gcc/avr/4.5.3/../../../avr/lib/avr4/crtm8.o
                0x0000000000000000                __vectors
                0x0000000000000000                __vector_default
 *(.vectors)
 *(.progmem.gcc*)
 *(.progmem*)
 .progmem.data  0x0000000000000026       0xfa /usr/lib/gcc/avr/4.5.3/../../../avr/lib/avr4/libc.a(ftoa_engine.o)
                0x0000000000000120                . = ALIGN (0x2)
                0x0000000000000120                __trampolines_start = .
 *(.trampolines)
 .trampolines   0x0000000000000120        0x0 linker stubs
 *(.trampolines*)
                0x0000000000000120                __trampolines_end = .
 *(.jumptables)
 *(.jumptables*)
 *(.lowtext)
 *(.lowtext*)
                0x0000000000000120                __ctors_start = .
 *(.ctors)
                0x0000000000000120                __ctors_end = .
                0x0000000000000120                __dtors_start = .
 *(.dtors)
                0x0000000000000120                __dtors_end = .
 SORT(*)(.ctors)
 SORT(*)(.dtors)
 *(.init0)
 .init0         0x0000000000000120        0x0 /usr/lib/gcc/avr/4.5.3/../../../avr/lib/avr4/crtm8.o
                0x0000000000000120                __init
 *(.init0)
 *(.init1)
 *(.init1)
 *(.init2)
 .init2         0x0000000000000120        0xc /usr/lib/gcc/avr/4.5.3/../../../avr/lib/avr4/crtm8.o
 *(.init2)
 *(.init3)
 *(.init3)
 *(.init4)
 .init4         0x000000000000012c       0x16 /usr/lib/gcc/avr/4.5.3/avr4/libgcc.a(_copy_data.o)
                0x000000000000012c                __do_copy_data
 .init4         0x0000000000000142       0x10 /usr/lib/gcc/avr/4.5.3/avr4/libgcc.a(_clear_bss.o)
                0x0000000000000142                __do_clear_bss
 *(.init4)
 *(.init5)
 *(.init5)
 *(.init6)
 *(.init6)
 *(.init7)
 *(.init7)
 *(.init8)
 *(.init8)
 *(.init9)
 .init9         0x0000000000000152        0x4 /usr/lib/gcc/avr/4.5.3/../../../avr/lib/avr4/crtm8.o
 *(.init9)
 *(.text)
 .text          0x0000000000000156        0x2 /usr/lib/gcc/avr/4.5.3/../../../avr/lib/avr4/crtm8.o
                0x0000000000000156                __vector_1
                0x0000000000000156                __vector_12
                0x0000000000000156                __bad_interrupt
                0x0000000000000156                __vector_6
                0x0000000000000156                __vector_3
                0x0000000000000156                __vector_11
                0x0000000000000156                __vector_13
                0x0000000000000156                __vector_17
                0x0000000000000156                __vector_7
                0x0000000000000156                __vector_5
                0x0000000000000156                __vector_4
                0x0000000000000156                __vector_9
                0x0000000000000156                __vector_2
                0x0000000000000156                __vector_15
                0x0000000000000156                __vector_8
                0x0000000000000156                __vector_14
                0x0000000000000156                __vector_10
                0x0000000000000156                __vector_16
                0x0000000000000156                __vector_18
 .text          0x0000000000000158      0x1ea /usr/lib/gcc/avr/4.5.3/avr4/libgcc.a(_mul_sf.o)
                0x0000000000000158                __mulsf3
 .text          0x0000000000000342       0xb8 /usr/lib/gcc/avr/4.5.3/avr4/libgcc.a(_si_to_sf.o)
                0x0000000000000342                __floatsisf
 .text          0x00000000000003fa       0xb4 /usr/lib/gcc/avr/4.5.3/avr4/libgcc.a(_clzsi2.o)
                0x00000000000003fa                __clzsi2
 .text          0x00000000000004ae      0x19a /usr/lib/gcc/avr/4.5.3/avr4/libgcc.a(_pack_sf.o)
                0x00000000000004ae                __pack_f
 .text          0x0000000000000648       0xd2 /usr/lib/gcc/avr/4.5.3/avr4/libgcc.a(_unpack_sf.o)
                0x0000000000000648                __unpack_f
                0x000000000000071a                . = ALIGN (0x2)
 *(.text.*)
 .text._LCD_OutNibble
                0x000000000000071a       0x2a ./HD44780.o
                0x000000000000071a                _LCD_OutNibble
 .text._LCD_Write
                0x0000000000000744       0x22 ./HD44780.o
                0x0000000000000744                _LCD_Write
 .text.LCD_WriteCommand
                0x0000000000000766        0x4 ./HD44780.o
                0x0000000000000766                LCD_WriteCommand
 .text.LCD_WriteData
                0x000000000000076a        0x4 ./HD44780.o
                0x000000000000076a                LCD_WriteData
 .text.LCD_WriteText
                0x000000000000076e       0x26 ./HD44780.o
                0x000000000000076e                LCD_WriteText
 .text.LCD_GoTo
                0x0000000000000794       0x10 ./HD44780.o
                0x0000000000000794                LCD_GoTo
 .text.LCD_Initalize
                0x00000000000007a4       0x70 ./HD44780.o
                0x00000000000007a4                LCD_Initalize
 .text.uc1Wire_ResetPulse
                0x0000000000000814       0x26 ./main.o
                0x0000000000000814                uc1Wire_ResetPulse
 .text.v1Wire_SendBit
                0x000000000000083a       0x1a ./main.o
                0x000000000000083a                v1Wire_SendBit
 .text.uc1Wire_ReadBit
                0x0000000000000854       0x14 ./main.o
                0x0000000000000854                uc1Wire_ReadBit
 .text.v1Wire_SendByte
                0x0000000000000868       0x3c ./main.o
                0x0000000000000868                v1Wire_SendByte
 .text.uv1Wire_ReadByte
                0x00000000000008a4       0x46 ./main.o
                0x00000000000008a4                uv1Wire_ReadByte
 .text.main     0x00000000000008ea       0x9c ./main.o
                0x00000000000008ea                main
 .text.libgcc   0x0000000000000986       0x38 /usr/lib/gcc/avr/4.5.3/avr4/libgcc.a(_prologue.o)
                0x0000000000000986                __prologue_saves__
 .text.libgcc   0x00000000000009be       0x36 /usr/lib/gcc/avr/4.5.3/avr4/libgcc.a(_epilogue.o)
                0x00000000000009be                __epilogue_restores__
 .text.avr-libc
                0x00000000000009f4       0x42 /usr/lib/gcc/avr/4.5.3/../../../avr/lib/avr4/libc.a(dtostrf.o)
                0x00000000000009f4                dtostrf
 .text.avr-libc
                0x0000000000000a36      0x2a8 /usr/lib/gcc/avr/4.5.3/../../../avr/lib/avr4/libc.a(dtoa_prf.o)
                0x0000000000000a36                dtoa_prf
 .text.avr-libc
                0x0000000000000cde      0x1b0 /usr/lib/gcc/avr/4.5.3/../../../avr/lib/avr4/libc.a(ftoa_engine.o)
                0x0000000000000cde                __ftoa_engine
                0x0000000000000e8e                . = ALIGN (0x2)
 *(.fini9)
 .fini9         0x0000000000000e8e        0x0 /usr/lib/gcc/avr/4.5.3/avr4/libgcc.a(_exit.o)
                0x0000000000000e8e                exit
                0x0000000000000e8e                _exit
 *(.fini9)
 *(.fini8)
 *(.fini8)
 *(.fini7)
 *(.fini7)
 *(.fini6)
 *(.fini6)
 *(.fini5)
 *(.fini5)
 *(.fini4)
 *(.fini4)
 *(.fini3)
 *(.fini3)
 *(.fini2)
 *(.fini2)
 *(.fini1)
 *(.fini1)
 *(.fini0)
 .fini0         0x0000000000000e8e        0x4 /usr/lib/gcc/avr/4.5.3/avr4/libgcc.a(_exit.o)
 *(.fini0)
                0x0000000000000e92                _etext = .

.data           0x0000000000800060      0x116 load address 0x0000000000000e92
                0x0000000000800060                PROVIDE (__data_start, .)
 *(.data)
 .data          0x0000000000800060        0xd ./main.o
 .data          0x000000000080006d        0x8 /usr/lib/gcc/avr/4.5.3/avr4/libgcc.a(_thenan_sf.o)
                0x000000000080006d                __thenan_sf
 .data          0x0000000000800075      0x100 /usr/lib/gcc/avr/4.5.3/avr4/libgcc.a(_clz.o)
                0x0000000000800075                __clz_tab
 *(.data*)
 *(.rodata)
 *(.rodata*)
 *(.gnu.linkonce.d*)
                0x0000000000800176                . = ALIGN (0x2)
 *fill*         0x0000000000800175        0x1 00
                0x0000000000800176                _edata = .
                0x0000000000800176                PROVIDE (__data_end, .)

.bss            0x0000000000800176        0x8
                0x0000000000800176                PROVIDE (__bss_start, .)
 *(.bss)
 *(.bss*)
 *(COMMON)
 COMMON         0x0000000000800176        0x8 ./main.o
                0x0000000000800176                cStringBuffer
                0x000000000080017e                PROVIDE (__bss_end, .)
                0x0000000000000e92                __data_load_start = LOADADDR (.data)
                0x0000000000000fa8                __data_load_end = (__data_load_start + SIZEOF (.data))

.noinit         0x000000000080017e        0x0
                0x000000000080017e                PROVIDE (__noinit_start, .)
 *(.noinit*)
                0x000000000080017e                PROVIDE (__noinit_end, .)
                0x000000000080017e                _end = .
                0x000000000080017e                PROVIDE (__heap_start, .)

.eeprom         0x0000000000810000        0x0
 *(.eeprom*)
                0x0000000000810000                __eeprom_end = .

.fuse
 *(.fuse)
 *(.lfuse)
 *(.hfuse)
 *(.efuse)

.lock
 *(.lock*)

.signature
 *(.signature*)

.stab           0x0000000000000000     0x1c8c
 *(.stab)
 .stab          0x0000000000000000      0x6cc /usr/lib/gcc/avr/4.5.3/../../../avr/lib/avr4/crtm8.o
 .stab          0x00000000000006cc      0x3fc /usr/lib/gcc/avr/4.5.3/../../../avr/lib/avr4/libc.a(dtostrf.o)
                                        0x408 (size before relaxing)
 .stab          0x0000000000000ac8      0x78c /usr/lib/gcc/avr/4.5.3/../../../avr/lib/avr4/libc.a(dtoa_prf.o)
                                        0x960 (size before relaxing)
 .stab          0x0000000000001254      0xa38 /usr/lib/gcc/avr/4.5.3/../../../avr/lib/avr4/libc.a(ftoa_engine.o)
                                        0xa44 (size before relaxing)

.stabstr        0x0000000000000000      0x9cb
 *(.stabstr)
 .stabstr       0x0000000000000000      0x9cb /usr/lib/gcc/avr/4.5.3/../../../avr/lib/avr4/crtm8.o

.stab.excl
 *(.stab.excl)

.stab.exclstr
 *(.stab.exclstr)

.stab.index
 *(.stab.index)

.stab.indexstr
 *(.stab.indexstr)

.comment
 *(.comment)

.debug
 *(.debug)

.line
 *(.line)

.debug_srcinfo
 *(.debug_srcinfo)

.debug_sfnames
 *(.debug_sfnames)

.debug_aranges
 *(.debug_aranges)

.debug_pubnames
 *(.debug_pubnames)

.debug_info
 *(.debug_info)
 *(.gnu.linkonce.wi.*)

.debug_abbrev
 *(.debug_abbrev)

.debug_line
 *(.debug_line)

.debug_frame
 *(.debug_frame)

.debug_str
 *(.debug_str)

.debug_loc
 *(.debug_loc)

.debug_macinfo
 *(.debug_macinfo)
OUTPUT(lcd.elf elf32-avr)
LOAD linker stubs

Cross Reference Table

Symbol                                            File
LCD_Clear                                         ./HD44780.o
LCD_GoTo                                          ./HD44780.o
                                                  ./main.o
LCD_Home                                          ./HD44780.o
LCD_Initalize                                     ./HD44780.o
                                                  ./main.o
LCD_WriteCommand                                  ./HD44780.o
LCD_WriteData                                     ./HD44780.o
LCD_WriteText                                     ./HD44780.o
                                                  ./main.o
_LCD_OutNibble                                    ./HD44780.o
_LCD_Write                                        ./HD44780.o
__bad_interrupt                                   /usr/lib/gcc/avr/4.5.3/../../../avr/lib/avr4/crtm8.o
__bss_end                                         /usr/lib/gcc/avr/4.5.3/avr4/libgcc.a(_clear_bss.o)
__bss_start                                       /usr/lib/gcc/avr/4.5.3/avr4/libgcc.a(_clear_bss.o)
__clz_tab                                         /usr/lib/gcc/avr/4.5.3/avr4/libgcc.a(_clz.o)
                                                  /usr/lib/gcc/avr/4.5.3/avr4/libgcc.a(_clzsi2.o)
__clzsi2                                          /usr/lib/gcc/avr/4.5.3/avr4/libgcc.a(_clzsi2.o)
                                                  /usr/lib/gcc/avr/4.5.3/avr4/libgcc.a(_si_to_sf.o)
__data_end                                        /usr/lib/gcc/avr/4.5.3/avr4/libgcc.a(_copy_data.o)
__data_load_start                                 /usr/lib/gcc/avr/4.5.3/avr4/libgcc.a(_copy_data.o)
__data_start                                      /usr/lib/gcc/avr/4.5.3/avr4/libgcc.a(_copy_data.o)
__do_clear_bss                                    /usr/lib/gcc/avr/4.5.3/avr4/libgcc.a(_clear_bss.o)
                                                  ./main.o
__do_copy_data                                    /usr/lib/gcc/avr/4.5.3/avr4/libgcc.a(_copy_data.o)
                                                  /usr/lib/gcc/avr/4.5.3/avr4/libgcc.a(_clz.o)
                                                  /usr/lib/gcc/avr/4.5.3/avr4/libgcc.a(_thenan_sf.o)
                                                  ./main.o
__epilogue_restores__                             /usr/lib/gcc/avr/4.5.3/avr4/libgcc.a(_epilogue.o)
                                                  /usr/lib/gcc/avr/4.5.3/../../../avr/lib/avr4/libc.a(dtoa_prf.o)
                                                  /usr/lib/gcc/avr/4.5.3/avr4/libgcc.a(_pack_sf.o)
                                                  /usr/lib/gcc/avr/4.5.3/avr4/libgcc.a(_si_to_sf.o)
                                                  /usr/lib/gcc/avr/4.5.3/avr4/libgcc.a(_mul_sf.o)
__floatsisf                                       /usr/lib/gcc/avr/4.5.3/avr4/libgcc.a(_si_to_sf.o)
                                                  ./main.o
__ftoa_engine                                     /usr/lib/gcc/avr/4.5.3/../../../avr/lib/avr4/libc.a(ftoa_engine.o)
                                                  /usr/lib/gcc/avr/4.5.3/../../../avr/lib/avr4/libc.a(dtoa_prf.o)
__heap_end                                        /usr/lib/gcc/avr/4.5.3/../../../avr/lib/avr4/crtm8.o
__init                                            /usr/lib/gcc/avr/4.5.3/../../../avr/lib/avr4/crtm8.o
__mulsf3                                          /usr/lib/gcc/avr/4.5.3/avr4/libgcc.a(_mul_sf.o)
                                                  ./main.o
__pack_f                                          /usr/lib/gcc/avr/4.5.3/avr4/libgcc.a(_pack_sf.o)
                                                  /usr/lib/gcc/avr/4.5.3/avr4/libgcc.a(_si_to_sf.o)
                                                  /usr/lib/gcc/avr/4.5.3/avr4/libgcc.a(_mul_sf.o)
__prologue_saves__                                /usr/lib/gcc/avr/4.5.3/avr4/libgcc.a(_prologue.o)
                                                  /usr/lib/gcc/avr/4.5.3/../../../avr/lib/avr4/libc.a(dtoa_prf.o)
                                                  /usr/lib/gcc/avr/4.5.3/avr4/libgcc.a(_si_to_sf.o)
                                                  /usr/lib/gcc/avr/4.5.3/avr4/libgcc.a(_mul_sf.o)
__stack                                           /usr/lib/gcc/avr/4.5.3/../../../avr/lib/avr4/crtm8.o
__thenan_sf                                       /usr/lib/gcc/avr/4.5.3/avr4/libgcc.a(_thenan_sf.o)
                                                  /usr/lib/gcc/avr/4.5.3/avr4/libgcc.a(_mul_sf.o)
__unpack_f                                        /usr/lib/gcc/avr/4.5.3/avr4/libgcc.a(_unpack_sf.o)
                                                  /usr/lib/gcc/avr/4.5.3/avr4/libgcc.a(_mul_sf.o)
__vector_1                                        /usr/lib/gcc/avr/4.5.3/../../../avr/lib/avr4/crtm8.o
__vector_10                                       /usr/lib/gcc/avr/4.5.3/../../../avr/lib/avr4/crtm8.o
__vector_11                                       /usr/lib/gcc/avr/4.5.3/../../../avr/lib/avr4/crtm8.o
__vector_12                                       /usr/lib/gcc/avr/4.5.3/../../../avr/lib/avr4/crtm8.o
__vector_13                                       /usr/lib/gcc/avr/4.5.3/../../../avr/lib/avr4/crtm8.o
__vector_14                                       /usr/lib/gcc/avr/4.5.3/../../../avr/lib/avr4/crtm8.o
__vector_15                                       /usr/lib/gcc/avr/4.5.3/../../../avr/lib/avr4/crtm8.o
__vector_16                                       /usr/lib/gcc/avr/4.5.3/../../../avr/lib/avr4/crtm8.o
__vector_17                                       /usr/lib/gcc/avr/4.5.3/../../../avr/lib/avr4/crtm8.o
__vector_18                                       /usr/lib/gcc/avr/4.5.3/../../../avr/lib/avr4/crtm8.o
__vector_2                                        /usr/lib/gcc/avr/4.5.3/../../../avr/lib/avr4/crtm8.o
__vector_3                                        /usr/lib/gcc/avr/4.5.3/../../../avr/lib/avr4/crtm8.o
__vector_4                                        /usr/lib/gcc/avr/4.5.3/../../../avr/lib/avr4/crtm8.o
__vector_5                                        /usr/lib/gcc/avr/4.5.3/../../../avr/lib/avr4/crtm8.o
__vector_6                                        /usr/lib/gcc/avr/4.5.3/../../../avr/lib/avr4/crtm8.o
__vector_7                                        /usr/lib/gcc/avr/4.5.3/../../../avr/lib/avr4/crtm8.o
__vector_8                                        /usr/lib/gcc/avr/4.5.3/../../../avr/lib/avr4/crtm8.o
__vector_9                                        /usr/lib/gcc/avr/4.5.3/../../../avr/lib/avr4/crtm8.o
__vector_default                                  /usr/lib/gcc/avr/4.5.3/../../../avr/lib/avr4/crtm8.o
__vectors                                         /usr/lib/gcc/avr/4.5.3/../../../avr/lib/avr4/crtm8.o
_exit                                             /usr/lib/gcc/avr/4.5.3/avr4/libgcc.a(_exit.o)
cStringBuffer                                     ./main.o
dtoa_prf                                          /usr/lib/gcc/avr/4.5.3/../../../avr/lib/avr4/libc.a(dtoa_prf.o)
                                                  /usr/lib/gcc/avr/4.5.3/../../../avr/lib/avr4/libc.a(dtostrf.o)
dtostrf                                           /usr/lib/gcc/avr/4.5.3/../../../avr/lib/avr4/libc.a(dtostrf.o)
                                                  ./main.o
exit                                              /usr/lib/gcc/avr/4.5.3/avr4/libgcc.a(_exit.o)
                                                  /usr/lib/gcc/avr/4.5.3/../../../avr/lib/avr4/crtm8.o
main                                              ./main.o
                                                  /usr/lib/gcc/avr/4.5.3/../../../avr/lib/avr4/crtm8.o
uc1Wire_ReadBit                                   ./main.o
uc1Wire_ResetPulse                                ./main.o
uv1Wire_ReadByte                                  ./main.o
v1Wire_SendBit                                    ./main.o
v1Wire_SendByte                                   ./main.o
